[themeim.com/demo/cryptotrade/cryptotrade/index.html]
[backblue.gif]
[fade.gif]
[index.html]
[themeim.com/demo/cryptotrade/cryptotrade/css/style.css]
[themeim.com/demo/cryptotrade/cryptotrade/images/header-top-icon.png]
[themeim.com/demo/cryptotrade/cryptotrade/images/logo.png]
[themeim.com/demo/cryptotrade/cryptotrade/index-2.html]
[themeim.com/demo/cryptotrade/cryptotrade/index-3.html]
[themeim.com/demo/cryptotrade/cryptotrade/about.html]
[themeim.com/demo/cryptotrade/cryptotrade/service.html]
[themeim.com/demo/cryptotrade/cryptotrade/contact.html]
[themeim.com/demo/cryptotrade/cryptotrade/images/logo-footer.png]
[themeim.com/demo/cryptotrade/cryptotrade/images/bg/banner-right-bg.png]
[themeim.com/demo/cryptotrade/cryptotrade/images/bg/banner-right-bg-2.png]
[themeim.com/demo/cryptotrade/cryptotrade/images/small.png]
[themeim.com/demo/cryptotrade/cryptotrade/images/small-2.png]
[themeim.com/demo/cryptotrade/cryptotrade/images/small-3.png]
[themeim.com/demo/cryptotrade/cryptotrade/images/small-4.png]
[themeim.com/demo/cryptotrade/cryptotrade/images/small-5.png]
[themeim.com/demo/cryptotrade/cryptotrade/images/about-1.png]
[themeim.com/demo/cryptotrade/cryptotrade/images/about-2.png]
[themeim.com/demo/cryptotrade/cryptotrade/images/about-3.png]
[themeim.com/demo/cryptotrade/cryptotrade/images/bg/global-map.png]
[themeim.com/demo/cryptotrade/cryptotrade/images/target.png]
[themeim.com/demo/cryptotrade/cryptotrade/images/why-1.jpg]
[themeim.com/demo/cryptotrade/cryptotrade/images/why-2.jpg]
[themeim.com/demo/cryptotrade/cryptotrade/images/why-3.jpg]
[themeim.com/demo/cryptotrade/cryptotrade/images/token-left-sub.png]
[themeim.com/demo/cryptotrade/cryptotrade/images/card-icon-1.jpg]
[themeim.com/demo/cryptotrade/cryptotrade/images/card-icon-2.jpg]
[themeim.com/demo/cryptotrade/cryptotrade/images/card-icon-3.jpg]
[themeim.com/demo/cryptotrade/cryptotrade/images/token-icon-1.png]
[themeim.com/demo/cryptotrade/cryptotrade/images/token-icon-2.png]
[themeim.com/demo/cryptotrade/cryptotrade/images/bg/calculator-bg.jpg]
[themeim.com/demo/cryptotrade/cryptotrade/images/why.png]
[themeim.com/demo/cryptotrade/cryptotrade/images/clint-logo-1.png]
[themeim.com/demo/cryptotrade/cryptotrade/images/clint-logo-2.png]
[themeim.com/demo/cryptotrade/cryptotrade/images/clint-logo-3.png]
[themeim.com/demo/cryptotrade/cryptotrade/images/clint-logo-4.png]
[themeim.com/demo/cryptotrade/cryptotrade/images/clint-logo-5.png]
[themeim.com/demo/cryptotrade/cryptotrade/images/blog-1.jpg]
[themeim.com/demo/cryptotrade/cryptotrade/images/blog-2.jpg]
[themeim.com/demo/cryptotrade/cryptotrade/images/blog-3.jpg]
[themeim.com/demo/cryptotrade/cryptotrade/images/blog-4.jpg]
[themeim.com/demo/cryptotrade/cryptotrade/js/jquery.min.js]
[themeim.com/demo/cryptotrade/cryptotrade/js/popper.min.js]
[themeim.com/demo/cryptotrade/cryptotrade/js/bootstrap.min.js]
[themeim.com/demo/cryptotrade/cryptotrade/js/custom.js]
[themeim.com/demo/cryptotrade/cryptotrade/index.html]
[themeim.com/demo/cryptotrade/cryptotrade/js/plugins.js]
[themeim.com/demo/cryptotrade/cryptotrade/images/menro-coin.png]
[themeim.com/demo/cryptotrade/cryptotrade/images/interface.png]
[themeim.com/demo/cryptotrade/cryptotrade/index-2.html]
[themeim.com/demo/cryptotrade/cryptotrade/images/presention-1.jpg]
[themeim.com/demo/cryptotrade/cryptotrade/index-3.html]
[themeim.com/demo/cryptotrade/cryptotrade/about.html]
[themeim.com/demo/cryptotrade/cryptotrade/service.html]
[themeim.com/demo/cryptotrade/cryptotrade/contact.html]
[themeim.com/demo/cryptotrade/cryptotrade/css/bootstrap.min.css]
[themeim.com/demo/cryptotrade/cryptotrade/css/font-awesome.min.css]
[themeim.com/demo/cryptotrade/cryptotrade/css/owl.carousel.min.css]
[themeim.com/demo/cryptotrade/cryptotrade/css/animate.min.css]
[themeim.com/demo/cryptotrade/cryptotrade/css/venobox.css]
[themeim.com/demo/cryptotrade/cryptotrade/css/plyr.css]
[themeim.com/demo/cryptotrade/cryptotrade/css/magnific-popup.css]
[themeim.com/demo/cryptotrade/cryptotrade/images/bg/banner-bg.png]
[themeim.com/demo/cryptotrade/cryptotrade/images/bg/service-bg.png]
[themeim.com/demo/cryptotrade/cryptotrade/images/bg/token-bg.jpg]
[themeim.com/demo/cryptotrade/cryptotrade/images/token-left.png]
[themeim.com/demo/cryptotrade/cryptotrade/images/bg/presention-bg.jpg]
[themeim.com/demo/cryptotrade/cryptotrade/images/bg/counter-bg.jpg]
[themeim.com/demo/cryptotrade/cryptotrade/images/interface-text.png]
[themeim.com/demo/cryptotrade/cryptotrade/images/bg/footer-bg.png]
[themeim.com/demo/cryptotrade/cryptotrade/images/signup-2.png]
[themeim.com/demo/cryptotrade/cryptotrade/css/style.css]
[themeim.com/demo/cryptotrade/cryptotrade/index-2.html]
[www.cryptonator.com/ui/js/widget/single_widget.html]
[www.cryptonator.com/ui/js/widget/calc_widget.html]
[themeim.com/demo/cryptotrade/cryptotrade/css/bootstrap.min.css]
[themeim.com/demo/cryptotrade/cryptotrade/fonts/fontawesome-webfont3e6e.eot]
[themeim.com/demo/cryptotrade/cryptotrade/fonts/fontawesome-webfontd41d.eot]
[themeim.com/demo/cryptotrade/cryptotrade/fonts/fontawesome-webfont3e6e.woff2]
[themeim.com/demo/cryptotrade/cryptotrade/fonts/fontawesome-webfont3e6e.woff]
[themeim.com/demo/cryptotrade/cryptotrade/fonts/fontawesome-webfont3e6e.ttf]
[themeim.com/demo/cryptotrade/cryptotrade/css/font-awesome.min.css]
[themeim.com/demo/cryptotrade/cryptotrade/fonts/fontawesome-webfont3e6e.svg]
[themeim.com/demo/cryptotrade/cryptotrade/css/owl.carousel.min.css]
[themeim.com/demo/cryptotrade/cryptotrade/css/animate.min.css]
[themeim.com/demo/cryptotrade/cryptotrade/css/venobox.css]
[themeim.com/demo/cryptotrade/cryptotrade/css/plyr.css]
[themeim.com/demo/cryptotrade/cryptotrade/css/magnific-popup.css]
[themeim.com/demo/cryptotrade/cryptotrade/fonts/fontawesome-webfont3e6e.svg]
[themeim.com/demo/cryptotrade/cryptotrade/images/bg/countries-bg.jpg]
